// Jest Snapshot v1, https://goo.gl/fbAQLP

exports[`timer.runner snapshot 1`] = `
Array [
  Array [
    "00:00",
    0,
  ],
  Array [
    "00:05",
    0,
  ],
  Array [
    "00:10",
    0,
  ],
  Array [
    "00:15",
    0,
  ],
  Array [
    "00:20",
    0,
  ],
  Array [
    "00:25",
    0,
  ],
  Array [
    "00:30",
    0,
  ],
  Array [
    "00:35",
    0,
  ],
  Array [
    "00:40",
    0,
  ],
  Array [
    "00:45",
    0,
  ],
  Array [
    "00:50",
    0,
  ],
  Array [
    "00:55",
    0,
  ],
  Array [
    "01:00",
    0,
  ],
  Array [
    "01:05",
    0,
  ],
  Array [
    "01:10",
    0,
  ],
  Array [
    "01:15",
    0,
  ],
  Array [
    "01:20",
    0,
  ],
  Array [
    "01:25",
    0,
  ],
  Array [
    "01:30",
    0,
  ],
  Array [
    "01:35",
    0,
  ],
  Array [
    "01:40",
    0,
  ],
  Array [
    "01:45",
    0,
  ],
  Array [
    "01:50",
    0,
  ],
  Array [
    "01:55",
    0,
  ],
  Array [
    "02:00",
    0,
  ],
  Array [
    "02:05",
    0,
  ],
  Array [
    "02:10",
    0,
  ],
  Array [
    "02:15",
    0,
  ],
  Array [
    "02:20",
    0,
  ],
  Array [
    "02:25",
    0,
  ],
  Array [
    "02:30",
    0,
  ],
  Array [
    "02:35",
    0,
  ],
  Array [
    "02:40",
    0,
  ],
  Array [
    "02:45",
    0,
  ],
  Array [
    "02:50",
    0,
  ],
  Array [
    "02:55",
    0,
  ],
  Array [
    "03:00",
    0,
  ],
  Array [
    "03:05",
    0,
  ],
  Array [
    "03:10",
    0,
  ],
  Array [
    "03:15",
    0,
  ],
  Array [
    "03:20",
    0,
  ],
  Array [
    "03:25",
    0,
  ],
  Array [
    "03:30",
    0,
  ],
  Array [
    "03:35",
    0,
  ],
  Array [
    "03:40",
    0,
  ],
  Array [
    "03:45",
    0,
  ],
  Array [
    "03:50",
    0,
  ],
  Array [
    "03:55",
    0,
  ],
  Array [
    "04:00",
    0,
  ],
  Array [
    "04:05",
    48003,
  ],
  Array [
    "04:10",
    48007,
  ],
  Array [
    "04:15",
    48011,
  ],
  Array [
    "04:20",
    48015,
  ],
  Array [
    "04:25",
    48020,
  ],
  Array [
    "04:30",
    48024,
  ],
  Array [
    "04:35",
    48028,
  ],
  Array [
    "04:40",
    48032,
  ],
  Array [
    "04:45",
    48036,
  ],
  Array [
    "04:50",
    48040,
  ],
  Array [
    "04:55",
    48045,
  ],
  Array [
    "05:00",
    48049,
  ],
  Array [
    "05:05",
    48053,
  ],
  Array [
    "05:10",
    48057,
  ],
  Array [
    "05:15",
    48061,
  ],
  Array [
    "05:20",
    48065,
  ],
  Array [
    "05:25",
    48070,
  ],
  Array [
    "05:30",
    48074,
  ],
  Array [
    "05:35",
    48078,
  ],
  Array [
    "05:40",
    48082,
  ],
  Array [
    "05:45",
    48086,
  ],
  Array [
    "05:50",
    48090,
  ],
  Array [
    "05:55",
    48095,
  ],
  Array [
    "06:00",
    100,
  ],
  Array [
    "06:05",
    100,
  ],
  Array [
    "06:10",
    100,
  ],
  Array [
    "06:15",
    100,
  ],
  Array [
    "06:20",
    100,
  ],
  Array [
    "06:25",
    100,
  ],
  Array [
    "06:30",
    100,
  ],
  Array [
    "06:35",
    100,
  ],
  Array [
    "06:40",
    100,
  ],
  Array [
    "06:45",
    100,
  ],
  Array [
    "06:50",
    100,
  ],
  Array [
    "06:55",
    100,
  ],
  Array [
    "07:00",
    100,
  ],
  Array [
    "07:05",
    100,
  ],
  Array [
    "07:10",
    100,
  ],
  Array [
    "07:15",
    100,
  ],
  Array [
    "07:20",
    100,
  ],
  Array [
    "07:25",
    100,
  ],
  Array [
    "07:30",
    100,
  ],
  Array [
    "07:35",
    100,
  ],
  Array [
    "07:40",
    100,
  ],
  Array [
    "07:45",
    100,
  ],
  Array [
    "07:50",
    100,
  ],
  Array [
    "07:55",
    100,
  ],
  Array [
    "08:00",
    100,
  ],
  Array [
    "08:05",
    100,
  ],
  Array [
    "08:10",
    100,
  ],
  Array [
    "08:15",
    100,
  ],
  Array [
    "08:20",
    100,
  ],
  Array [
    "08:25",
    100,
  ],
  Array [
    "08:30",
    100,
  ],
  Array [
    "08:35",
    100,
  ],
  Array [
    "08:40",
    100,
  ],
  Array [
    "08:45",
    100,
  ],
  Array [
    "08:50",
    100,
  ],
  Array [
    "08:55",
    100,
  ],
  Array [
    "09:00",
    100,
  ],
  Array [
    "09:05",
    100,
  ],
  Array [
    "09:10",
    100,
  ],
  Array [
    "09:15",
    100,
  ],
  Array [
    "09:20",
    100,
  ],
  Array [
    "09:25",
    100,
  ],
  Array [
    "09:30",
    100,
  ],
  Array [
    "09:35",
    100,
  ],
  Array [
    "09:40",
    100,
  ],
  Array [
    "09:45",
    100,
  ],
  Array [
    "09:50",
    100,
  ],
  Array [
    "09:55",
    100,
  ],
  Array [
    "10:00",
    100,
  ],
  Array [
    "10:05",
    100,
  ],
  Array [
    "10:10",
    100,
  ],
  Array [
    "10:15",
    100,
  ],
  Array [
    "10:20",
    100,
  ],
  Array [
    "10:25",
    100,
  ],
  Array [
    "10:30",
    100,
  ],
  Array [
    "10:35",
    100,
  ],
  Array [
    "10:40",
    100,
  ],
  Array [
    "10:45",
    100,
  ],
  Array [
    "10:50",
    100,
  ],
  Array [
    "10:55",
    100,
  ],
  Array [
    "11:00",
    100,
  ],
  Array [
    "11:05",
    100,
  ],
  Array [
    "11:10",
    100,
  ],
  Array [
    "11:15",
    100,
  ],
  Array [
    "11:20",
    100,
  ],
  Array [
    "11:25",
    100,
  ],
  Array [
    "11:30",
    100,
  ],
  Array [
    "11:35",
    100,
  ],
  Array [
    "11:40",
    100,
  ],
  Array [
    "11:45",
    100,
  ],
  Array [
    "11:50",
    100,
  ],
  Array [
    "11:55",
    100,
  ],
  Array [
    "12:00",
    100,
  ],
  Array [
    "12:05",
    100,
  ],
  Array [
    "12:10",
    100,
  ],
  Array [
    "12:15",
    100,
  ],
  Array [
    "12:20",
    100,
  ],
  Array [
    "12:25",
    100,
  ],
  Array [
    "12:30",
    100,
  ],
  Array [
    "12:35",
    100,
  ],
  Array [
    "12:40",
    100,
  ],
  Array [
    "12:45",
    100,
  ],
  Array [
    "12:50",
    100,
  ],
  Array [
    "12:55",
    100,
  ],
  Array [
    "13:00",
    100,
  ],
  Array [
    "13:05",
    100,
  ],
  Array [
    "13:10",
    100,
  ],
  Array [
    "13:15",
    100,
  ],
  Array [
    "13:20",
    100,
  ],
  Array [
    "13:25",
    100,
  ],
  Array [
    "13:30",
    100,
  ],
  Array [
    "13:35",
    100,
  ],
  Array [
    "13:40",
    100,
  ],
  Array [
    "13:45",
    100,
  ],
  Array [
    "13:50",
    100,
  ],
  Array [
    "13:55",
    100,
  ],
  Array [
    "14:00",
    100,
  ],
  Array [
    "14:05",
    100,
  ],
  Array [
    "14:10",
    100,
  ],
  Array [
    "14:15",
    100,
  ],
  Array [
    "14:20",
    100,
  ],
  Array [
    "14:25",
    100,
  ],
  Array [
    "14:30",
    100,
  ],
  Array [
    "14:35",
    100,
  ],
  Array [
    "14:40",
    100,
  ],
  Array [
    "14:45",
    100,
  ],
  Array [
    "14:50",
    100,
  ],
  Array [
    "14:55",
    100,
  ],
  Array [
    "15:00",
    100,
  ],
  Array [
    "15:05",
    100,
  ],
  Array [
    "15:10",
    100,
  ],
  Array [
    "15:15",
    100,
  ],
  Array [
    "15:20",
    100,
  ],
  Array [
    "15:25",
    100,
  ],
  Array [
    "15:30",
    100,
  ],
  Array [
    "15:35",
    100,
  ],
  Array [
    "15:40",
    100,
  ],
  Array [
    "15:45",
    100,
  ],
  Array [
    "15:50",
    100,
  ],
  Array [
    "15:55",
    100,
  ],
  Array [
    "16:00",
    0,
  ],
  Array [
    "16:05",
    47903,
  ],
  Array [
    "16:10",
    47907,
  ],
  Array [
    "16:15",
    47911,
  ],
  Array [
    "16:20",
    47915,
  ],
  Array [
    "16:25",
    47920,
  ],
  Array [
    "16:30",
    47924,
  ],
  Array [
    "16:35",
    47928,
  ],
  Array [
    "16:40",
    47932,
  ],
  Array [
    "16:45",
    47936,
  ],
  Array [
    "16:50",
    47940,
  ],
  Array [
    "16:55",
    47945,
  ],
  Array [
    "17:00",
    47949,
  ],
  Array [
    "17:05",
    47953,
  ],
  Array [
    "17:10",
    47957,
  ],
  Array [
    "17:15",
    47961,
  ],
  Array [
    "17:20",
    47965,
  ],
  Array [
    "17:25",
    47970,
  ],
  Array [
    "17:30",
    47974,
  ],
  Array [
    "17:35",
    47978,
  ],
  Array [
    "17:40",
    47982,
  ],
  Array [
    "17:45",
    47986,
  ],
  Array [
    "17:50",
    47990,
  ],
  Array [
    "17:55",
    47995,
  ],
  Array [
    "18:00",
    0,
  ],
  Array [
    "18:05",
    0,
  ],
  Array [
    "18:10",
    0,
  ],
  Array [
    "18:15",
    0,
  ],
  Array [
    "18:20",
    0,
  ],
  Array [
    "18:25",
    0,
  ],
  Array [
    "18:30",
    0,
  ],
  Array [
    "18:35",
    0,
  ],
  Array [
    "18:40",
    0,
  ],
  Array [
    "18:45",
    0,
  ],
  Array [
    "18:50",
    0,
  ],
  Array [
    "18:55",
    0,
  ],
  Array [
    "19:00",
    0,
  ],
  Array [
    "19:05",
    0,
  ],
  Array [
    "19:10",
    0,
  ],
  Array [
    "19:15",
    0,
  ],
  Array [
    "19:20",
    0,
  ],
  Array [
    "19:25",
    0,
  ],
  Array [
    "19:30",
    0,
  ],
  Array [
    "19:35",
    0,
  ],
  Array [
    "19:40",
    0,
  ],
  Array [
    "19:45",
    0,
  ],
  Array [
    "19:50",
    0,
  ],
  Array [
    "19:55",
    0,
  ],
  Array [
    "20:00",
    0,
  ],
  Array [
    "20:05",
    0,
  ],
  Array [
    "20:10",
    0,
  ],
  Array [
    "20:15",
    0,
  ],
  Array [
    "20:20",
    0,
  ],
  Array [
    "20:25",
    0,
  ],
  Array [
    "20:30",
    0,
  ],
  Array [
    "20:35",
    0,
  ],
  Array [
    "20:40",
    0,
  ],
  Array [
    "20:45",
    0,
  ],
  Array [
    "20:50",
    0,
  ],
  Array [
    "20:55",
    0,
  ],
  Array [
    "21:00",
    0,
  ],
  Array [
    "21:05",
    0,
  ],
  Array [
    "21:10",
    0,
  ],
  Array [
    "21:15",
    0,
  ],
  Array [
    "21:20",
    0,
  ],
  Array [
    "21:25",
    0,
  ],
  Array [
    "21:30",
    0,
  ],
  Array [
    "21:35",
    0,
  ],
  Array [
    "21:40",
    0,
  ],
  Array [
    "21:45",
    0,
  ],
  Array [
    "21:50",
    0,
  ],
  Array [
    "21:55",
    0,
  ],
  Array [
    "22:00",
    0,
  ],
  Array [
    "22:05",
    0,
  ],
  Array [
    "22:10",
    0,
  ],
  Array [
    "22:15",
    0,
  ],
  Array [
    "22:20",
    0,
  ],
  Array [
    "22:25",
    0,
  ],
  Array [
    "22:30",
    0,
  ],
  Array [
    "22:35",
    0,
  ],
  Array [
    "22:40",
    0,
  ],
  Array [
    "22:45",
    0,
  ],
  Array [
    "22:50",
    0,
  ],
  Array [
    "22:55",
    0,
  ],
  Array [
    "23:00",
    0,
  ],
  Array [
    "23:05",
    0,
  ],
  Array [
    "23:10",
    0,
  ],
  Array [
    "23:15",
    0,
  ],
  Array [
    "23:20",
    0,
  ],
  Array [
    "23:25",
    0,
  ],
  Array [
    "23:30",
    0,
  ],
  Array [
    "23:35",
    0,
  ],
  Array [
    "23:40",
    0,
  ],
  Array [
    "23:45",
    0,
  ],
  Array [
    "23:50",
    0,
  ],
  Array [
    "23:55",
    0,
  ],
]
`;
