// Jest Snapshot v1, https://goo.gl/fbAQLP

exports[`timer.service with configs Custom dimmer interval config 1`] = `
Array [
  Array [
    "00:00",
    0,
  ],
  Array [
    "00:05",
    0,
  ],
  Array [
    "00:10",
    0,
  ],
  Array [
    "00:15",
    0,
  ],
  Array [
    "00:20",
    0,
  ],
  Array [
    "00:25",
    0,
  ],
  Array [
    "00:30",
    0,
  ],
  Array [
    "00:35",
    0,
  ],
  Array [
    "00:40",
    0,
  ],
  Array [
    "00:45",
    0,
  ],
  Array [
    "00:50",
    0,
  ],
  Array [
    "00:55",
    0,
  ],
  Array [
    "01:00",
    0,
  ],
  Array [
    "01:05",
    0,
  ],
  Array [
    "01:10",
    0,
  ],
  Array [
    "01:15",
    0,
  ],
  Array [
    "01:20",
    0,
  ],
  Array [
    "01:25",
    0,
  ],
  Array [
    "01:30",
    0,
  ],
  Array [
    "01:35",
    0,
  ],
  Array [
    "01:40",
    0,
  ],
  Array [
    "01:45",
    0,
  ],
  Array [
    "01:50",
    0,
  ],
  Array [
    "01:55",
    0,
  ],
  Array [
    "02:00",
    0,
  ],
  Array [
    "02:05",
    0,
  ],
  Array [
    "02:10",
    0,
  ],
  Array [
    "02:15",
    0,
  ],
  Array [
    "02:20",
    0,
  ],
  Array [
    "02:25",
    0,
  ],
  Array [
    "02:30",
    0,
  ],
  Array [
    "02:35",
    0,
  ],
  Array [
    "02:40",
    0,
  ],
  Array [
    "02:45",
    0,
  ],
  Array [
    "02:50",
    0,
  ],
  Array [
    "02:55",
    0,
  ],
  Array [
    "03:00",
    0,
  ],
  Array [
    "03:05",
    0,
  ],
  Array [
    "03:10",
    0,
  ],
  Array [
    "03:15",
    0,
  ],
  Array [
    "03:20",
    0,
  ],
  Array [
    "03:25",
    0,
  ],
  Array [
    "03:30",
    0,
  ],
  Array [
    "03:35",
    0,
  ],
  Array [
    "03:40",
    0,
  ],
  Array [
    "03:45",
    0,
  ],
  Array [
    "03:50",
    0,
  ],
  Array [
    "03:55",
    0,
  ],
  Array [
    "04:00",
    0,
  ],
  Array [
    "04:05",
    12,
  ],
  Array [
    "04:10",
    16,
  ],
  Array [
    "04:15",
    18,
  ],
  Array [
    "04:20",
    22,
  ],
  Array [
    "04:25",
    26,
  ],
  Array [
    "04:30",
    30,
  ],
  Array [
    "04:35",
    32,
  ],
  Array [
    "04:40",
    36,
  ],
  Array [
    "04:45",
    38,
  ],
  Array [
    "04:50",
    42,
  ],
  Array [
    "04:55",
    46,
  ],
  Array [
    "05:00",
    50,
  ],
  Array [
    "05:05",
    52,
  ],
  Array [
    "05:10",
    56,
  ],
  Array [
    "05:15",
    58,
  ],
  Array [
    "05:20",
    62,
  ],
  Array [
    "05:25",
    66,
  ],
  Array [
    "05:30",
    70,
  ],
  Array [
    "05:35",
    72,
  ],
  Array [
    "05:40",
    76,
  ],
  Array [
    "05:45",
    78,
  ],
  Array [
    "05:50",
    82,
  ],
  Array [
    "05:55",
    86,
  ],
  Array [
    "06:00",
    100,
  ],
  Array [
    "06:05",
    100,
  ],
  Array [
    "06:10",
    100,
  ],
  Array [
    "06:15",
    100,
  ],
  Array [
    "06:20",
    100,
  ],
  Array [
    "06:25",
    100,
  ],
  Array [
    "06:30",
    100,
  ],
  Array [
    "06:35",
    100,
  ],
  Array [
    "06:40",
    100,
  ],
  Array [
    "06:45",
    100,
  ],
  Array [
    "06:50",
    100,
  ],
  Array [
    "06:55",
    100,
  ],
  Array [
    "07:00",
    100,
  ],
  Array [
    "07:05",
    100,
  ],
  Array [
    "07:10",
    100,
  ],
  Array [
    "07:15",
    100,
  ],
  Array [
    "07:20",
    100,
  ],
  Array [
    "07:25",
    100,
  ],
  Array [
    "07:30",
    100,
  ],
  Array [
    "07:35",
    100,
  ],
  Array [
    "07:40",
    100,
  ],
  Array [
    "07:45",
    100,
  ],
  Array [
    "07:50",
    100,
  ],
  Array [
    "07:55",
    100,
  ],
  Array [
    "08:00",
    100,
  ],
  Array [
    "08:05",
    100,
  ],
  Array [
    "08:10",
    100,
  ],
  Array [
    "08:15",
    100,
  ],
  Array [
    "08:20",
    100,
  ],
  Array [
    "08:25",
    100,
  ],
  Array [
    "08:30",
    100,
  ],
  Array [
    "08:35",
    100,
  ],
  Array [
    "08:40",
    100,
  ],
  Array [
    "08:45",
    100,
  ],
  Array [
    "08:50",
    100,
  ],
  Array [
    "08:55",
    100,
  ],
  Array [
    "09:00",
    100,
  ],
  Array [
    "09:05",
    100,
  ],
  Array [
    "09:10",
    100,
  ],
  Array [
    "09:15",
    100,
  ],
  Array [
    "09:20",
    0,
  ],
  Array [
    "09:25",
    0,
  ],
  Array [
    "09:30",
    0,
  ],
  Array [
    "09:35",
    0,
  ],
  Array [
    "09:40",
    0,
  ],
  Array [
    "09:45",
    0,
  ],
  Array [
    "09:50",
    0,
  ],
  Array [
    "09:55",
    0,
  ],
  Array [
    "10:00",
    0,
  ],
  Array [
    "10:05",
    0,
  ],
  Array [
    "10:10",
    0,
  ],
  Array [
    "10:15",
    0,
  ],
  Array [
    "10:20",
    0,
  ],
  Array [
    "10:25",
    0,
  ],
  Array [
    "10:30",
    0,
  ],
  Array [
    "10:35",
    0,
  ],
  Array [
    "10:40",
    0,
  ],
  Array [
    "10:45",
    0,
  ],
  Array [
    "10:50",
    0,
  ],
  Array [
    "10:55",
    0,
  ],
  Array [
    "11:00",
    0,
  ],
  Array [
    "11:05",
    0,
  ],
  Array [
    "11:10",
    0,
  ],
  Array [
    "11:15",
    0,
  ],
  Array [
    "11:20",
    0,
  ],
  Array [
    "11:25",
    0,
  ],
  Array [
    "11:30",
    0,
  ],
  Array [
    "11:35",
    0,
  ],
  Array [
    "11:40",
    0,
  ],
  Array [
    "11:45",
    0,
  ],
  Array [
    "11:50",
    0,
  ],
  Array [
    "11:55",
    0,
  ],
  Array [
    "12:00",
    100,
  ],
  Array [
    "12:05",
    100,
  ],
  Array [
    "12:10",
    100,
  ],
  Array [
    "12:15",
    100,
  ],
  Array [
    "12:20",
    100,
  ],
  Array [
    "12:25",
    100,
  ],
  Array [
    "12:30",
    100,
  ],
  Array [
    "12:35",
    100,
  ],
  Array [
    "12:40",
    100,
  ],
  Array [
    "12:45",
    100,
  ],
  Array [
    "12:50",
    100,
  ],
  Array [
    "12:55",
    100,
  ],
  Array [
    "13:00",
    100,
  ],
  Array [
    "13:05",
    100,
  ],
  Array [
    "13:10",
    100,
  ],
  Array [
    "13:15",
    100,
  ],
  Array [
    "13:20",
    100,
  ],
  Array [
    "13:25",
    100,
  ],
  Array [
    "13:30",
    100,
  ],
  Array [
    "13:35",
    100,
  ],
  Array [
    "13:40",
    100,
  ],
  Array [
    "13:45",
    100,
  ],
  Array [
    "13:50",
    100,
  ],
  Array [
    "13:55",
    100,
  ],
  Array [
    "14:00",
    100,
  ],
  Array [
    "14:05",
    100,
  ],
  Array [
    "14:10",
    100,
  ],
  Array [
    "14:15",
    100,
  ],
  Array [
    "14:20",
    100,
  ],
  Array [
    "14:25",
    100,
  ],
  Array [
    "14:30",
    100,
  ],
  Array [
    "14:35",
    100,
  ],
  Array [
    "14:40",
    100,
  ],
  Array [
    "14:45",
    100,
  ],
  Array [
    "14:50",
    100,
  ],
  Array [
    "14:55",
    100,
  ],
  Array [
    "15:00",
    100,
  ],
  Array [
    "15:05",
    100,
  ],
  Array [
    "15:10",
    100,
  ],
  Array [
    "15:15",
    100,
  ],
  Array [
    "15:20",
    100,
  ],
  Array [
    "15:25",
    100,
  ],
  Array [
    "15:30",
    100,
  ],
  Array [
    "15:35",
    100,
  ],
  Array [
    "15:40",
    100,
  ],
  Array [
    "15:45",
    100,
  ],
  Array [
    "15:50",
    100,
  ],
  Array [
    "15:55",
    100,
  ],
  Array [
    "16:00",
    0,
  ],
  Array [
    "16:05",
    86,
  ],
  Array [
    "16:10",
    82,
  ],
  Array [
    "16:15",
    78,
  ],
  Array [
    "16:20",
    76,
  ],
  Array [
    "16:25",
    72,
  ],
  Array [
    "16:30",
    70,
  ],
  Array [
    "16:35",
    66,
  ],
  Array [
    "16:40",
    62,
  ],
  Array [
    "16:45",
    58,
  ],
  Array [
    "16:50",
    56,
  ],
  Array [
    "16:55",
    52,
  ],
  Array [
    "17:00",
    50,
  ],
  Array [
    "17:05",
    46,
  ],
  Array [
    "17:10",
    42,
  ],
  Array [
    "17:15",
    38,
  ],
  Array [
    "17:20",
    36,
  ],
  Array [
    "17:25",
    32,
  ],
  Array [
    "17:30",
    30,
  ],
  Array [
    "17:35",
    26,
  ],
  Array [
    "17:40",
    22,
  ],
  Array [
    "17:45",
    18,
  ],
  Array [
    "17:50",
    16,
  ],
  Array [
    "17:55",
    12,
  ],
  Array [
    "18:00",
    0,
  ],
  Array [
    "18:05",
    0,
  ],
  Array [
    "18:10",
    0,
  ],
  Array [
    "18:15",
    0,
  ],
  Array [
    "18:20",
    0,
  ],
  Array [
    "18:25",
    0,
  ],
  Array [
    "18:30",
    0,
  ],
  Array [
    "18:35",
    0,
  ],
  Array [
    "18:40",
    0,
  ],
  Array [
    "18:45",
    0,
  ],
  Array [
    "18:50",
    0,
  ],
  Array [
    "18:55",
    0,
  ],
  Array [
    "19:00",
    0,
  ],
  Array [
    "19:05",
    0,
  ],
  Array [
    "19:10",
    0,
  ],
  Array [
    "19:15",
    0,
  ],
  Array [
    "19:20",
    0,
  ],
  Array [
    "19:25",
    0,
  ],
  Array [
    "19:30",
    0,
  ],
  Array [
    "19:35",
    0,
  ],
  Array [
    "19:40",
    0,
  ],
  Array [
    "19:45",
    0,
  ],
  Array [
    "19:50",
    0,
  ],
  Array [
    "19:55",
    0,
  ],
  Array [
    "20:00",
    0,
  ],
  Array [
    "20:05",
    0,
  ],
  Array [
    "20:10",
    0,
  ],
  Array [
    "20:15",
    0,
  ],
  Array [
    "20:20",
    0,
  ],
  Array [
    "20:25",
    0,
  ],
  Array [
    "20:30",
    0,
  ],
  Array [
    "20:35",
    0,
  ],
  Array [
    "20:40",
    0,
  ],
  Array [
    "20:45",
    0,
  ],
  Array [
    "20:50",
    0,
  ],
  Array [
    "20:55",
    0,
  ],
  Array [
    "21:00",
    0,
  ],
  Array [
    "21:05",
    0,
  ],
  Array [
    "21:10",
    0,
  ],
  Array [
    "21:15",
    0,
  ],
  Array [
    "21:20",
    0,
  ],
  Array [
    "21:25",
    0,
  ],
  Array [
    "21:30",
    0,
  ],
  Array [
    "21:35",
    0,
  ],
  Array [
    "21:40",
    0,
  ],
  Array [
    "21:45",
    0,
  ],
  Array [
    "21:50",
    0,
  ],
  Array [
    "21:55",
    0,
  ],
  Array [
    "22:00",
    0,
  ],
  Array [
    "22:05",
    0,
  ],
  Array [
    "22:10",
    0,
  ],
  Array [
    "22:15",
    0,
  ],
  Array [
    "22:20",
    0,
  ],
  Array [
    "22:25",
    0,
  ],
  Array [
    "22:30",
    0,
  ],
  Array [
    "22:35",
    0,
  ],
  Array [
    "22:40",
    0,
  ],
  Array [
    "22:45",
    0,
  ],
  Array [
    "22:50",
    0,
  ],
  Array [
    "22:55",
    0,
  ],
  Array [
    "23:00",
    0,
  ],
  Array [
    "23:05",
    0,
  ],
  Array [
    "23:10",
    0,
  ],
  Array [
    "23:15",
    0,
  ],
  Array [
    "23:20",
    0,
  ],
  Array [
    "23:25",
    0,
  ],
  Array [
    "23:30",
    0,
  ],
  Array [
    "23:35",
    0,
  ],
  Array [
    "23:40",
    0,
  ],
  Array [
    "23:45",
    0,
  ],
  Array [
    "23:50",
    0,
  ],
  Array [
    "23:55",
    0,
  ],
]
`;

exports[`timer.service with configs Default config 1`] = `
Array [
  Array [
    "00:00",
    0,
  ],
  Array [
    "00:05",
    0,
  ],
  Array [
    "00:10",
    0,
  ],
  Array [
    "00:15",
    0,
  ],
  Array [
    "00:20",
    0,
  ],
  Array [
    "00:25",
    0,
  ],
  Array [
    "00:30",
    0,
  ],
  Array [
    "00:35",
    0,
  ],
  Array [
    "00:40",
    0,
  ],
  Array [
    "00:45",
    0,
  ],
  Array [
    "00:50",
    0,
  ],
  Array [
    "00:55",
    0,
  ],
  Array [
    "01:00",
    0,
  ],
  Array [
    "01:05",
    0,
  ],
  Array [
    "01:10",
    0,
  ],
  Array [
    "01:15",
    0,
  ],
  Array [
    "01:20",
    0,
  ],
  Array [
    "01:25",
    0,
  ],
  Array [
    "01:30",
    0,
  ],
  Array [
    "01:35",
    0,
  ],
  Array [
    "01:40",
    0,
  ],
  Array [
    "01:45",
    0,
  ],
  Array [
    "01:50",
    0,
  ],
  Array [
    "01:55",
    0,
  ],
  Array [
    "02:00",
    0,
  ],
  Array [
    "02:05",
    0,
  ],
  Array [
    "02:10",
    0,
  ],
  Array [
    "02:15",
    0,
  ],
  Array [
    "02:20",
    0,
  ],
  Array [
    "02:25",
    0,
  ],
  Array [
    "02:30",
    0,
  ],
  Array [
    "02:35",
    0,
  ],
  Array [
    "02:40",
    0,
  ],
  Array [
    "02:45",
    0,
  ],
  Array [
    "02:50",
    0,
  ],
  Array [
    "02:55",
    0,
  ],
  Array [
    "03:00",
    0,
  ],
  Array [
    "03:05",
    0,
  ],
  Array [
    "03:10",
    0,
  ],
  Array [
    "03:15",
    0,
  ],
  Array [
    "03:20",
    0,
  ],
  Array [
    "03:25",
    0,
  ],
  Array [
    "03:30",
    0,
  ],
  Array [
    "03:35",
    0,
  ],
  Array [
    "03:40",
    0,
  ],
  Array [
    "03:45",
    0,
  ],
  Array [
    "03:50",
    0,
  ],
  Array [
    "03:55",
    0,
  ],
  Array [
    "04:00",
    0,
  ],
  Array [
    "04:05",
    4,
  ],
  Array [
    "04:10",
    8,
  ],
  Array [
    "04:15",
    12,
  ],
  Array [
    "04:20",
    16,
  ],
  Array [
    "04:25",
    20,
  ],
  Array [
    "04:30",
    24,
  ],
  Array [
    "04:35",
    28,
  ],
  Array [
    "04:40",
    32,
  ],
  Array [
    "04:45",
    36,
  ],
  Array [
    "04:50",
    40,
  ],
  Array [
    "04:55",
    44,
  ],
  Array [
    "05:00",
    50,
  ],
  Array [
    "05:05",
    54,
  ],
  Array [
    "05:10",
    58,
  ],
  Array [
    "05:15",
    62,
  ],
  Array [
    "05:20",
    66,
  ],
  Array [
    "05:25",
    70,
  ],
  Array [
    "05:30",
    74,
  ],
  Array [
    "05:35",
    78,
  ],
  Array [
    "05:40",
    82,
  ],
  Array [
    "05:45",
    86,
  ],
  Array [
    "05:50",
    90,
  ],
  Array [
    "05:55",
    94,
  ],
  Array [
    "06:00",
    100,
  ],
  Array [
    "06:05",
    100,
  ],
  Array [
    "06:10",
    100,
  ],
  Array [
    "06:15",
    100,
  ],
  Array [
    "06:20",
    100,
  ],
  Array [
    "06:25",
    100,
  ],
  Array [
    "06:30",
    100,
  ],
  Array [
    "06:35",
    100,
  ],
  Array [
    "06:40",
    100,
  ],
  Array [
    "06:45",
    100,
  ],
  Array [
    "06:50",
    100,
  ],
  Array [
    "06:55",
    100,
  ],
  Array [
    "07:00",
    100,
  ],
  Array [
    "07:05",
    100,
  ],
  Array [
    "07:10",
    100,
  ],
  Array [
    "07:15",
    100,
  ],
  Array [
    "07:20",
    100,
  ],
  Array [
    "07:25",
    100,
  ],
  Array [
    "07:30",
    100,
  ],
  Array [
    "07:35",
    100,
  ],
  Array [
    "07:40",
    100,
  ],
  Array [
    "07:45",
    100,
  ],
  Array [
    "07:50",
    100,
  ],
  Array [
    "07:55",
    100,
  ],
  Array [
    "08:00",
    100,
  ],
  Array [
    "08:05",
    100,
  ],
  Array [
    "08:10",
    100,
  ],
  Array [
    "08:15",
    100,
  ],
  Array [
    "08:20",
    100,
  ],
  Array [
    "08:25",
    100,
  ],
  Array [
    "08:30",
    100,
  ],
  Array [
    "08:35",
    100,
  ],
  Array [
    "08:40",
    100,
  ],
  Array [
    "08:45",
    100,
  ],
  Array [
    "08:50",
    100,
  ],
  Array [
    "08:55",
    100,
  ],
  Array [
    "09:00",
    100,
  ],
  Array [
    "09:05",
    100,
  ],
  Array [
    "09:10",
    100,
  ],
  Array [
    "09:15",
    100,
  ],
  Array [
    "09:20",
    0,
  ],
  Array [
    "09:25",
    0,
  ],
  Array [
    "09:30",
    0,
  ],
  Array [
    "09:35",
    0,
  ],
  Array [
    "09:40",
    0,
  ],
  Array [
    "09:45",
    0,
  ],
  Array [
    "09:50",
    0,
  ],
  Array [
    "09:55",
    0,
  ],
  Array [
    "10:00",
    0,
  ],
  Array [
    "10:05",
    0,
  ],
  Array [
    "10:10",
    0,
  ],
  Array [
    "10:15",
    0,
  ],
  Array [
    "10:20",
    0,
  ],
  Array [
    "10:25",
    0,
  ],
  Array [
    "10:30",
    0,
  ],
  Array [
    "10:35",
    0,
  ],
  Array [
    "10:40",
    0,
  ],
  Array [
    "10:45",
    0,
  ],
  Array [
    "10:50",
    0,
  ],
  Array [
    "10:55",
    0,
  ],
  Array [
    "11:00",
    0,
  ],
  Array [
    "11:05",
    0,
  ],
  Array [
    "11:10",
    0,
  ],
  Array [
    "11:15",
    0,
  ],
  Array [
    "11:20",
    0,
  ],
  Array [
    "11:25",
    0,
  ],
  Array [
    "11:30",
    0,
  ],
  Array [
    "11:35",
    0,
  ],
  Array [
    "11:40",
    0,
  ],
  Array [
    "11:45",
    0,
  ],
  Array [
    "11:50",
    0,
  ],
  Array [
    "11:55",
    0,
  ],
  Array [
    "12:00",
    100,
  ],
  Array [
    "12:05",
    100,
  ],
  Array [
    "12:10",
    100,
  ],
  Array [
    "12:15",
    100,
  ],
  Array [
    "12:20",
    100,
  ],
  Array [
    "12:25",
    100,
  ],
  Array [
    "12:30",
    100,
  ],
  Array [
    "12:35",
    100,
  ],
  Array [
    "12:40",
    100,
  ],
  Array [
    "12:45",
    100,
  ],
  Array [
    "12:50",
    100,
  ],
  Array [
    "12:55",
    100,
  ],
  Array [
    "13:00",
    100,
  ],
  Array [
    "13:05",
    100,
  ],
  Array [
    "13:10",
    100,
  ],
  Array [
    "13:15",
    100,
  ],
  Array [
    "13:20",
    100,
  ],
  Array [
    "13:25",
    100,
  ],
  Array [
    "13:30",
    100,
  ],
  Array [
    "13:35",
    100,
  ],
  Array [
    "13:40",
    100,
  ],
  Array [
    "13:45",
    100,
  ],
  Array [
    "13:50",
    100,
  ],
  Array [
    "13:55",
    100,
  ],
  Array [
    "14:00",
    100,
  ],
  Array [
    "14:05",
    100,
  ],
  Array [
    "14:10",
    100,
  ],
  Array [
    "14:15",
    100,
  ],
  Array [
    "14:20",
    100,
  ],
  Array [
    "14:25",
    100,
  ],
  Array [
    "14:30",
    100,
  ],
  Array [
    "14:35",
    100,
  ],
  Array [
    "14:40",
    100,
  ],
  Array [
    "14:45",
    100,
  ],
  Array [
    "14:50",
    100,
  ],
  Array [
    "14:55",
    100,
  ],
  Array [
    "15:00",
    100,
  ],
  Array [
    "15:05",
    100,
  ],
  Array [
    "15:10",
    100,
  ],
  Array [
    "15:15",
    100,
  ],
  Array [
    "15:20",
    100,
  ],
  Array [
    "15:25",
    100,
  ],
  Array [
    "15:30",
    100,
  ],
  Array [
    "15:35",
    100,
  ],
  Array [
    "15:40",
    100,
  ],
  Array [
    "15:45",
    100,
  ],
  Array [
    "15:50",
    100,
  ],
  Array [
    "15:55",
    100,
  ],
  Array [
    "16:00",
    0,
  ],
  Array [
    "16:05",
    94,
  ],
  Array [
    "16:10",
    90,
  ],
  Array [
    "16:15",
    86,
  ],
  Array [
    "16:20",
    82,
  ],
  Array [
    "16:25",
    78,
  ],
  Array [
    "16:30",
    74,
  ],
  Array [
    "16:35",
    70,
  ],
  Array [
    "16:40",
    66,
  ],
  Array [
    "16:45",
    62,
  ],
  Array [
    "16:50",
    58,
  ],
  Array [
    "16:55",
    54,
  ],
  Array [
    "17:00",
    50,
  ],
  Array [
    "17:05",
    44,
  ],
  Array [
    "17:10",
    40,
  ],
  Array [
    "17:15",
    36,
  ],
  Array [
    "17:20",
    32,
  ],
  Array [
    "17:25",
    28,
  ],
  Array [
    "17:30",
    24,
  ],
  Array [
    "17:35",
    20,
  ],
  Array [
    "17:40",
    16,
  ],
  Array [
    "17:45",
    12,
  ],
  Array [
    "17:50",
    8,
  ],
  Array [
    "17:55",
    4,
  ],
  Array [
    "18:00",
    0,
  ],
  Array [
    "18:05",
    0,
  ],
  Array [
    "18:10",
    0,
  ],
  Array [
    "18:15",
    0,
  ],
  Array [
    "18:20",
    0,
  ],
  Array [
    "18:25",
    0,
  ],
  Array [
    "18:30",
    0,
  ],
  Array [
    "18:35",
    0,
  ],
  Array [
    "18:40",
    0,
  ],
  Array [
    "18:45",
    0,
  ],
  Array [
    "18:50",
    0,
  ],
  Array [
    "18:55",
    0,
  ],
  Array [
    "19:00",
    0,
  ],
  Array [
    "19:05",
    0,
  ],
  Array [
    "19:10",
    0,
  ],
  Array [
    "19:15",
    0,
  ],
  Array [
    "19:20",
    0,
  ],
  Array [
    "19:25",
    0,
  ],
  Array [
    "19:30",
    0,
  ],
  Array [
    "19:35",
    0,
  ],
  Array [
    "19:40",
    0,
  ],
  Array [
    "19:45",
    0,
  ],
  Array [
    "19:50",
    0,
  ],
  Array [
    "19:55",
    0,
  ],
  Array [
    "20:00",
    0,
  ],
  Array [
    "20:05",
    0,
  ],
  Array [
    "20:10",
    0,
  ],
  Array [
    "20:15",
    0,
  ],
  Array [
    "20:20",
    0,
  ],
  Array [
    "20:25",
    0,
  ],
  Array [
    "20:30",
    0,
  ],
  Array [
    "20:35",
    0,
  ],
  Array [
    "20:40",
    0,
  ],
  Array [
    "20:45",
    0,
  ],
  Array [
    "20:50",
    0,
  ],
  Array [
    "20:55",
    0,
  ],
  Array [
    "21:00",
    0,
  ],
  Array [
    "21:05",
    0,
  ],
  Array [
    "21:10",
    0,
  ],
  Array [
    "21:15",
    0,
  ],
  Array [
    "21:20",
    0,
  ],
  Array [
    "21:25",
    0,
  ],
  Array [
    "21:30",
    0,
  ],
  Array [
    "21:35",
    0,
  ],
  Array [
    "21:40",
    0,
  ],
  Array [
    "21:45",
    0,
  ],
  Array [
    "21:50",
    0,
  ],
  Array [
    "21:55",
    0,
  ],
  Array [
    "22:00",
    0,
  ],
  Array [
    "22:05",
    0,
  ],
  Array [
    "22:10",
    0,
  ],
  Array [
    "22:15",
    0,
  ],
  Array [
    "22:20",
    0,
  ],
  Array [
    "22:25",
    0,
  ],
  Array [
    "22:30",
    0,
  ],
  Array [
    "22:35",
    0,
  ],
  Array [
    "22:40",
    0,
  ],
  Array [
    "22:45",
    0,
  ],
  Array [
    "22:50",
    0,
  ],
  Array [
    "22:55",
    0,
  ],
  Array [
    "23:00",
    0,
  ],
  Array [
    "23:05",
    0,
  ],
  Array [
    "23:10",
    0,
  ],
  Array [
    "23:15",
    0,
  ],
  Array [
    "23:20",
    0,
  ],
  Array [
    "23:25",
    0,
  ],
  Array [
    "23:30",
    0,
  ],
  Array [
    "23:35",
    0,
  ],
  Array [
    "23:40",
    0,
  ],
  Array [
    "23:45",
    0,
  ],
  Array [
    "23:50",
    0,
  ],
  Array [
    "23:55",
    0,
  ],
]
`;
