// Jest Snapshot v1, https://goo.gl/fbAQLP

exports[`timer.service with configs Custom dimmer interval config 1`] = `
Array [
  Array [
    "00:00",
    0,
  ],
  Array [
    "00:10",
    0,
  ],
  Array [
    "00:20",
    0,
  ],
  Array [
    "00:30",
    0,
  ],
  Array [
    "00:40",
    0,
  ],
  Array [
    "00:50",
    0,
  ],
  Array [
    "01:00",
    0,
  ],
  Array [
    "01:10",
    0,
  ],
  Array [
    "01:20",
    0,
  ],
  Array [
    "01:30",
    0,
  ],
  Array [
    "01:40",
    0,
  ],
  Array [
    "01:50",
    0,
  ],
  Array [
    "02:00",
    0,
  ],
  Array [
    "02:10",
    0,
  ],
  Array [
    "02:20",
    0,
  ],
  Array [
    "02:30",
    0,
  ],
  Array [
    "02:40",
    0,
  ],
  Array [
    "02:50",
    0,
  ],
  Array [
    "03:00",
    0,
  ],
  Array [
    "03:10",
    0,
  ],
  Array [
    "03:20",
    0,
  ],
  Array [
    "03:30",
    0,
  ],
  Array [
    "03:40",
    0,
  ],
  Array [
    "03:50",
    0,
  ],
  Array [
    "04:00",
    0,
  ],
  Array [
    "04:10",
    15,
  ],
  Array [
    "04:20",
    21,
  ],
  Array [
    "04:30",
    30,
  ],
  Array [
    "04:40",
    36,
  ],
  Array [
    "04:50",
    42,
  ],
  Array [
    "05:00",
    48,
  ],
  Array [
    "05:10",
    54,
  ],
  Array [
    "05:20",
    60,
  ],
  Array [
    "05:30",
    69,
  ],
  Array [
    "05:40",
    75,
  ],
  Array [
    "05:50",
    81,
  ],
  Array [
    "06:00",
    100,
  ],
  Array [
    "06:10",
    100,
  ],
  Array [
    "06:20",
    100,
  ],
  Array [
    "06:30",
    100,
  ],
  Array [
    "06:40",
    100,
  ],
  Array [
    "06:50",
    100,
  ],
  Array [
    "07:00",
    100,
  ],
  Array [
    "07:10",
    100,
  ],
  Array [
    "07:20",
    100,
  ],
  Array [
    "07:30",
    100,
  ],
  Array [
    "07:40",
    100,
  ],
  Array [
    "07:50",
    100,
  ],
  Array [
    "08:00",
    100,
  ],
  Array [
    "08:10",
    100,
  ],
  Array [
    "08:20",
    100,
  ],
  Array [
    "08:30",
    100,
  ],
  Array [
    "08:40",
    0,
  ],
  Array [
    "08:50",
    0,
  ],
  Array [
    "09:00",
    0,
  ],
  Array [
    "09:10",
    0,
  ],
  Array [
    "09:20",
    0,
  ],
  Array [
    "09:30",
    0,
  ],
  Array [
    "09:40",
    0,
  ],
  Array [
    "09:50",
    0,
  ],
  Array [
    "10:00",
    0,
  ],
  Array [
    "10:10",
    0,
  ],
  Array [
    "10:20",
    0,
  ],
  Array [
    "10:30",
    0,
  ],
  Array [
    "10:40",
    0,
  ],
  Array [
    "10:50",
    0,
  ],
  Array [
    "11:00",
    0,
  ],
  Array [
    "11:10",
    0,
  ],
  Array [
    "11:20",
    0,
  ],
  Array [
    "11:30",
    0,
  ],
  Array [
    "11:40",
    0,
  ],
  Array [
    "11:50",
    0,
  ],
  Array [
    "12:00",
    0,
  ],
  Array [
    "12:10",
    0,
  ],
  Array [
    "12:20",
    0,
  ],
  Array [
    "12:30",
    0,
  ],
  Array [
    "12:40",
    100,
  ],
  Array [
    "12:50",
    100,
  ],
  Array [
    "13:00",
    100,
  ],
  Array [
    "13:10",
    100,
  ],
  Array [
    "13:20",
    100,
  ],
  Array [
    "13:30",
    100,
  ],
  Array [
    "13:40",
    100,
  ],
  Array [
    "13:50",
    100,
  ],
  Array [
    "14:00",
    100,
  ],
  Array [
    "14:10",
    100,
  ],
  Array [
    "14:20",
    100,
  ],
  Array [
    "14:30",
    100,
  ],
  Array [
    "14:40",
    100,
  ],
  Array [
    "14:50",
    100,
  ],
  Array [
    "15:00",
    100,
  ],
  Array [
    "15:10",
    100,
  ],
  Array [
    "15:20",
    100,
  ],
  Array [
    "15:30",
    100,
  ],
  Array [
    "15:40",
    100,
  ],
  Array [
    "15:50",
    100,
  ],
  Array [
    "16:00",
    0,
  ],
  Array [
    "16:10",
    81,
  ],
  Array [
    "16:20",
    75,
  ],
  Array [
    "16:30",
    69,
  ],
  Array [
    "16:40",
    60,
  ],
  Array [
    "16:50",
    54,
  ],
  Array [
    "17:00",
    48,
  ],
  Array [
    "17:10",
    42,
  ],
  Array [
    "17:20",
    36,
  ],
  Array [
    "17:30",
    30,
  ],
  Array [
    "17:40",
    21,
  ],
  Array [
    "17:50",
    15,
  ],
  Array [
    "18:00",
    0,
  ],
  Array [
    "18:10",
    0,
  ],
  Array [
    "18:20",
    0,
  ],
  Array [
    "18:30",
    0,
  ],
  Array [
    "18:40",
    0,
  ],
  Array [
    "18:50",
    0,
  ],
  Array [
    "19:00",
    0,
  ],
  Array [
    "19:10",
    0,
  ],
  Array [
    "19:20",
    0,
  ],
  Array [
    "19:30",
    0,
  ],
  Array [
    "19:40",
    0,
  ],
  Array [
    "19:50",
    0,
  ],
  Array [
    "20:00",
    0,
  ],
  Array [
    "20:10",
    0,
  ],
  Array [
    "20:20",
    0,
  ],
  Array [
    "20:30",
    0,
  ],
  Array [
    "20:40",
    0,
  ],
  Array [
    "20:50",
    0,
  ],
  Array [
    "21:00",
    0,
  ],
  Array [
    "21:10",
    0,
  ],
  Array [
    "21:20",
    0,
  ],
  Array [
    "21:30",
    0,
  ],
  Array [
    "21:40",
    0,
  ],
  Array [
    "21:50",
    0,
  ],
  Array [
    "22:00",
    0,
  ],
  Array [
    "22:10",
    0,
  ],
  Array [
    "22:20",
    0,
  ],
  Array [
    "22:30",
    0,
  ],
  Array [
    "22:40",
    0,
  ],
  Array [
    "22:50",
    0,
  ],
  Array [
    "23:00",
    0,
  ],
  Array [
    "23:10",
    0,
  ],
  Array [
    "23:20",
    0,
  ],
  Array [
    "23:30",
    0,
  ],
  Array [
    "23:40",
    0,
  ],
  Array [
    "23:50",
    0,
  ],
]
`;

exports[`timer.service with configs Default config 1`] = `
Array [
  Array [
    "00:00",
    0,
  ],
  Array [
    "00:10",
    0,
  ],
  Array [
    "00:20",
    0,
  ],
  Array [
    "00:30",
    0,
  ],
  Array [
    "00:40",
    0,
  ],
  Array [
    "00:50",
    0,
  ],
  Array [
    "01:00",
    0,
  ],
  Array [
    "01:10",
    0,
  ],
  Array [
    "01:20",
    0,
  ],
  Array [
    "01:30",
    0,
  ],
  Array [
    "01:40",
    0,
  ],
  Array [
    "01:50",
    0,
  ],
  Array [
    "02:00",
    0,
  ],
  Array [
    "02:10",
    0,
  ],
  Array [
    "02:20",
    0,
  ],
  Array [
    "02:30",
    0,
  ],
  Array [
    "02:40",
    0,
  ],
  Array [
    "02:50",
    0,
  ],
  Array [
    "03:00",
    0,
  ],
  Array [
    "03:10",
    0,
  ],
  Array [
    "03:20",
    0,
  ],
  Array [
    "03:30",
    0,
  ],
  Array [
    "03:40",
    0,
  ],
  Array [
    "03:50",
    0,
  ],
  Array [
    "04:00",
    0,
  ],
  Array [
    "04:10",
    6,
  ],
  Array [
    "04:20",
    15,
  ],
  Array [
    "04:30",
    24,
  ],
  Array [
    "04:40",
    33,
  ],
  Array [
    "04:50",
    39,
  ],
  Array [
    "05:00",
    48,
  ],
  Array [
    "05:10",
    57,
  ],
  Array [
    "05:20",
    66,
  ],
  Array [
    "05:30",
    75,
  ],
  Array [
    "05:40",
    81,
  ],
  Array [
    "05:50",
    90,
  ],
  Array [
    "06:00",
    100,
  ],
  Array [
    "06:10",
    100,
  ],
  Array [
    "06:20",
    100,
  ],
  Array [
    "06:30",
    100,
  ],
  Array [
    "06:40",
    100,
  ],
  Array [
    "06:50",
    100,
  ],
  Array [
    "07:00",
    100,
  ],
  Array [
    "07:10",
    100,
  ],
  Array [
    "07:20",
    100,
  ],
  Array [
    "07:30",
    100,
  ],
  Array [
    "07:40",
    100,
  ],
  Array [
    "07:50",
    100,
  ],
  Array [
    "08:00",
    100,
  ],
  Array [
    "08:10",
    100,
  ],
  Array [
    "08:20",
    100,
  ],
  Array [
    "08:30",
    100,
  ],
  Array [
    "08:40",
    0,
  ],
  Array [
    "08:50",
    0,
  ],
  Array [
    "09:00",
    0,
  ],
  Array [
    "09:10",
    0,
  ],
  Array [
    "09:20",
    0,
  ],
  Array [
    "09:30",
    0,
  ],
  Array [
    "09:40",
    0,
  ],
  Array [
    "09:50",
    0,
  ],
  Array [
    "10:00",
    0,
  ],
  Array [
    "10:10",
    0,
  ],
  Array [
    "10:20",
    0,
  ],
  Array [
    "10:30",
    0,
  ],
  Array [
    "10:40",
    0,
  ],
  Array [
    "10:50",
    0,
  ],
  Array [
    "11:00",
    0,
  ],
  Array [
    "11:10",
    0,
  ],
  Array [
    "11:20",
    0,
  ],
  Array [
    "11:30",
    0,
  ],
  Array [
    "11:40",
    0,
  ],
  Array [
    "11:50",
    0,
  ],
  Array [
    "12:00",
    0,
  ],
  Array [
    "12:10",
    0,
  ],
  Array [
    "12:20",
    0,
  ],
  Array [
    "12:30",
    0,
  ],
  Array [
    "12:40",
    100,
  ],
  Array [
    "12:50",
    100,
  ],
  Array [
    "13:00",
    100,
  ],
  Array [
    "13:10",
    100,
  ],
  Array [
    "13:20",
    100,
  ],
  Array [
    "13:30",
    100,
  ],
  Array [
    "13:40",
    100,
  ],
  Array [
    "13:50",
    100,
  ],
  Array [
    "14:00",
    100,
  ],
  Array [
    "14:10",
    100,
  ],
  Array [
    "14:20",
    100,
  ],
  Array [
    "14:30",
    100,
  ],
  Array [
    "14:40",
    100,
  ],
  Array [
    "14:50",
    100,
  ],
  Array [
    "15:00",
    100,
  ],
  Array [
    "15:10",
    100,
  ],
  Array [
    "15:20",
    100,
  ],
  Array [
    "15:30",
    100,
  ],
  Array [
    "15:40",
    100,
  ],
  Array [
    "15:50",
    100,
  ],
  Array [
    "16:00",
    0,
  ],
  Array [
    "16:10",
    90,
  ],
  Array [
    "16:20",
    81,
  ],
  Array [
    "16:30",
    75,
  ],
  Array [
    "16:40",
    66,
  ],
  Array [
    "16:50",
    57,
  ],
  Array [
    "17:00",
    48,
  ],
  Array [
    "17:10",
    39,
  ],
  Array [
    "17:20",
    33,
  ],
  Array [
    "17:30",
    24,
  ],
  Array [
    "17:40",
    15,
  ],
  Array [
    "17:50",
    6,
  ],
  Array [
    "18:00",
    0,
  ],
  Array [
    "18:10",
    0,
  ],
  Array [
    "18:20",
    0,
  ],
  Array [
    "18:30",
    0,
  ],
  Array [
    "18:40",
    0,
  ],
  Array [
    "18:50",
    0,
  ],
  Array [
    "19:00",
    0,
  ],
  Array [
    "19:10",
    0,
  ],
  Array [
    "19:20",
    0,
  ],
  Array [
    "19:30",
    0,
  ],
  Array [
    "19:40",
    0,
  ],
  Array [
    "19:50",
    0,
  ],
  Array [
    "20:00",
    0,
  ],
  Array [
    "20:10",
    0,
  ],
  Array [
    "20:20",
    0,
  ],
  Array [
    "20:30",
    0,
  ],
  Array [
    "20:40",
    0,
  ],
  Array [
    "20:50",
    0,
  ],
  Array [
    "21:00",
    0,
  ],
  Array [
    "21:10",
    0,
  ],
  Array [
    "21:20",
    0,
  ],
  Array [
    "21:30",
    0,
  ],
  Array [
    "21:40",
    0,
  ],
  Array [
    "21:50",
    0,
  ],
  Array [
    "22:00",
    0,
  ],
  Array [
    "22:10",
    0,
  ],
  Array [
    "22:20",
    0,
  ],
  Array [
    "22:30",
    0,
  ],
  Array [
    "22:40",
    0,
  ],
  Array [
    "22:50",
    0,
  ],
  Array [
    "23:00",
    0,
  ],
  Array [
    "23:10",
    0,
  ],
  Array [
    "23:20",
    0,
  ],
  Array [
    "23:30",
    0,
  ],
  Array [
    "23:40",
    0,
  ],
  Array [
    "23:50",
    0,
  ],
]
`;
